[1,1,457,GetArticleIDs:1,2] => Could not order article
Article with ID: 1 not found.
Article with ID: 2 not found.

[1,1,458,GetArticleIDs:1,2] => Debug: Trying to sell article with ID = 1
Info: Article with ID = 1 is sold.
Found article with ID: 1
Article with ID: 2 not found.

[1,2,457,GetArticleIDs:1,2] => Could not order article
Article with ID: 1 not found.
Article with ID: 2 not found.

[1,2,458,GetArticleIDs:1,2] => Debug: Trying to sell article with ID = 1
Info: Article with ID = 1 is sold.
Found article with ID: 1
Article with ID: 2 not found.

[1,3,457,GetArticleIDs:1,2] => Could not order article
Article with ID: 1 not found.
Article with ID: 2 not found.

[1,3,458,GetArticleIDs:1,2] => Debug: Trying to sell article with ID = 1
Info: Article with ID = 1 is sold.
Found article with ID: 1
Article with ID: 2 not found.

[1,4,457,GetArticleIDs:1,2] => Could not order article
Article with ID: 1 not found.
Article with ID: 2 not found.

[1,4,458,GetArticleIDs:1,2] => Debug: Trying to sell article with ID = 1
Info: Article with ID = 1 is sold.
Found article with ID: 1
Article with ID: 2 not found.

[1,5,457,GetArticleIDs:1,2] => Could not order article
Article with ID: 1 not found.
Article with ID: 2 not found.

[1,5,458,GetArticleIDs:1,2] => Debug: Trying to sell article with ID = 1
Info: Article with ID = 1 is sold.
Found article with ID: 1
Article with ID: 2 not found.

[2,1,457,GetArticleIDs:1,2] => Could not order article
Article with ID: 1 not found.
Article with ID: 2 not found.

[2,1,458,GetArticleIDs:1,2] => Could not order article
Article with ID: 1 not found.
Article with ID: 2 not found.

[2,2,457,GetArticleIDs:1,2] => Could not order article
Article with ID: 1 not found.
Article with ID: 2 not found.

[2,2,458,GetArticleIDs:1,2] => Could not order article
Article with ID: 1 not found.
Article with ID: 2 not found.

[2,3,457,GetArticleIDs:1,2] => Could not order article
Article with ID: 1 not found.
Article with ID: 2 not found.

[2,3,458,GetArticleIDs:1,2] => Could not order article
Article with ID: 1 not found.
Article with ID: 2 not found.

[2,4,457,GetArticleIDs:1,2] => Could not order article
Article with ID: 1 not found.
Article with ID: 2 not found.

[2,4,458,GetArticleIDs:1,2] => Could not order article
Article with ID: 1 not found.
Article with ID: 2 not found.

[2,5,457,GetArticleIDs:1,2] => Could not order article
Article with ID: 1 not found.
Article with ID: 2 not found.

[2,5,458,GetArticleIDs:1,2] => Could not order article
Article with ID: 1 not found.
Article with ID: 2 not found.

